Training 03-26 16:08:07: Training starting...Training 03-26 16:08:10: New best reward: -9999999 Time taken: 0:00:02.640571 Episode: 0 Saved memory size: 29 out of 100000
Training 03-26 16:08:14: New best reward: -57.015 Time taken: 0:00:06.680676 Episode: 17 Saved memory size: 700 out of 100000
Training 03-26 16:08:14: New best reward: -37.011 Time taken: 0:00:06.918557 Episode: 18 Saved memory size: 727 out of 100000
Training 03-26 16:08:19: New best reward: -17.017000000000017 Time taken: 0:00:11.896340 Episode: 36 Saved memory size: 1381 out of 100000
Training 03-26 16:08:31: New best reward: 2.9869999999999988 Time taken: 0:00:23.638696 Episode: 74 Saved memory size: 2709 out of 100000
Training 03-26 16:08:32: New best reward: 2.988999999999998 Time taken: 0:00:24.952080 Episode: 79 Saved memory size: 2840 out of 100000
Training done in: 0:02:36.589620 Best reward: 12.989999999999998 Best actions:
(unload-beluga jig0001 jig0002 beluga_trailer_1 beluga1)
(put-down-rack jig0001 beluga_trailer_1 rack01 bside n18 n29 n11)
(pick-up-rack jig0001 factory_trailer_1 rack01 fside bside n18 n11 n29)
(deliver-to-hangar jig0001 dummy-jig factory_trailer_1 hangar2 pl0 n18 n09)
(get-from-hangar jig0001 hangar2 factory_trailer_1)
(put-down-rack jig0001 factory_trailer_1 rack01 fside n09 n29 n20)
(unload-beluga jig0002 dummy-jig beluga_trailer_1 beluga1)
(beluga-complete beluga1 beluga2)
(put-down-rack jig0002 beluga_trailer_1 rack00 bside n18 n22 n04)
(pick-up-rack jig0001 beluga_trailer_1 rack01 bside fside n09 n20 n29)
(pick-up-rack jig0002 factory_trailer_1 rack00 fside bside n18 n04 n22)
(deliver-to-hangar jig0002 dummy-jig factory_trailer_1 hangar3 pl1 n18 n09)
(load-beluga jig0001 typec typec beluga2 beluga_trailer_1 slot0 slot1)
(get-from-hangar jig0002 hangar3 factory_trailer_1)
(put-down-rack jig0002 factory_trailer_1 rack00 fside n09 n22 n13)
(pick-up-rack jig0002 beluga_trailer_1 rack00 bside fside n09 n13 n22)
(load-beluga jig0002 typec dummy-type beluga2 beluga_trailer_1 slot1 dummy-slot)
(beluga-complete beluga2 beluga3)
(unload-beluga jig0003 dummy-jig beluga_trailer_1 beluga3)
