Training 03-26 22:50:47: Training starting...Training 03-26 22:50:53: New best reward: -9999999 Time taken: 0:00:06.269591 Episode: 0 Saved memory size: 34 out of 100000
Training 03-26 22:50:54: New best reward: -164.013 Time taken: 0:00:06.602751 Episode: 1 Saved memory size: 79 out of 100000
Training 03-26 22:50:54: New best reward: -153.024 Time taken: 0:00:06.907734 Episode: 2 Saved memory size: 124 out of 100000
Training 03-26 22:50:55: New best reward: -137.02300000000005 Time taken: 0:00:07.514060 Episode: 4 Saved memory size: 213 out of 100000
Training 03-26 22:50:55: New best reward: -127.01800000000006 Time taken: 0:00:08.302327 Episode: 7 Saved memory size: 309 out of 100000
Training 03-26 22:50:56: New best reward: -47.016 Time taken: 0:00:09.031290 Episode: 9 Saved memory size: 391 out of 100000
Training 03-26 22:51:15: New best reward: -17.013000000000012 Time taken: 0:00:27.789475 Episode: 47 Saved memory size: 1875 out of 100000
Training 03-26 22:51:26: New best reward: 2.988999999999998 Time taken: 0:00:38.914525 Episode: 79 Saved memory size: 2870 out of 100000
Training done in: 0:05:39.935648 Best reward: 12.989999999999998 Best actions:
(unload-beluga jig0001 jig0002 beluga_trailer_1 beluga1)
(put-down-rack jig0001 beluga_trailer_1 rack00 bside n18 n22 n04)
(pick-up-rack jig0001 factory_trailer_1 rack00 fside bside n18 n04 n22)
(unload-beluga jig0002 dummy-jig beluga_trailer_1 beluga1)
(beluga-complete beluga1 beluga2)
(deliver-to-hangar jig0001 dummy-jig factory_trailer_1 hangar1 pl0 n18 n09)
(put-down-rack jig0002 beluga_trailer_1 rack01 bside n18 n29 n11)
(get-from-hangar jig0001 hangar1 factory_trailer_1)
(put-down-rack jig0001 factory_trailer_1 rack00 fside n09 n22 n13)
(pick-up-rack jig0001 beluga_trailer_1 rack00 bside fside n09 n13 n22)
(load-beluga jig0001 typec typec beluga2 beluga_trailer_1 slot0 slot1)
(pick-up-rack jig0002 factory_trailer_1 rack01 fside bside n18 n11 n29)
(deliver-to-hangar jig0002 dummy-jig factory_trailer_1 hangar3 pl1 n18 n09)
(get-from-hangar jig0002 hangar3 factory_trailer_1)
(put-down-rack jig0002 factory_trailer_1 rack01 fside n09 n29 n20)
(pick-up-rack jig0002 beluga_trailer_1 rack01 bside fside n09 n20 n29)
(load-beluga jig0002 typec dummy-type beluga2 beluga_trailer_1 slot1 dummy-slot)
(beluga-complete beluga2 beluga3)
(unload-beluga jig0003 dummy-jig beluga_trailer_1 beluga3)
