Training 03-25 19:35:53: Training starting...Training 03-25 19:35:56: New best reward: -9999999 Time taken: 0:00:02.539863 Episode: 0 Saved memory size: 29 out of 100000
Training 03-25 19:35:56: New best reward: -67.01400000000001 Time taken: 0:00:02.810433 Episode: 2 Saved memory size: 84 out of 100000
Training 03-25 19:36:03: New best reward: -27.013999999999996 Time taken: 0:00:09.438733 Episode: 28 Saved memory size: 1102 out of 100000
Training 03-25 19:36:07: New best reward: -7.010000000000002 Time taken: 0:00:13.361606 Episode: 44 Saved memory size: 1608 out of 100000
Training done in: 0:02:28.650267 Best reward: 12.989999999999998 Best actions:
(unload-beluga jig0001 jig0002 beluga_trailer_1 beluga1)
(put-down-rack jig0001 beluga_trailer_1 rack00 bside n18 n22 n04)
(unload-beluga jig0002 dummy-jig beluga_trailer_1 beluga1)
(beluga-complete beluga1 beluga2)
(put-down-rack jig0002 beluga_trailer_1 rack01 bside n18 n29 n11)
(pick-up-rack jig0002 factory_trailer_1 rack01 fside bside n18 n11 n29)
(deliver-to-hangar jig0002 dummy-jig factory_trailer_1 hangar2 pl1 n18 n09)
(pick-up-rack jig0001 factory_trailer_1 rack00 fside bside n18 n04 n22)
(deliver-to-hangar jig0001 dummy-jig factory_trailer_1 hangar3 pl0 n18 n09)
(get-from-hangar jig0001 hangar3 factory_trailer_1)
(put-down-rack jig0001 factory_trailer_1 rack01 fside n09 n29 n20)
(pick-up-rack jig0001 beluga_trailer_1 rack01 bside fside n09 n20 n29)
(get-from-hangar jig0002 hangar2 factory_trailer_1)
(load-beluga jig0001 typec typec beluga2 beluga_trailer_1 slot0 slot1)
(put-down-rack jig0002 factory_trailer_1 rack00 fside n09 n22 n13)
(pick-up-rack jig0002 beluga_trailer_1 rack00 bside fside n09 n13 n22)
(load-beluga jig0002 typec dummy-type beluga2 beluga_trailer_1 slot1 dummy-slot)
(beluga-complete beluga2 beluga3)
(unload-beluga jig0003 dummy-jig beluga_trailer_1 beluga3)
