Training 03-25 19:23:24: Training starting...Training 03-25 19:23:27: New best reward: -9999999 Time taken: 0:00:02.742570 Episode: 0 Saved memory size: 37 out of 100000
Training 03-25 19:23:27: New best reward: -117.017 Time taken: 0:00:03.470436 Episode: 3 Saved memory size: 161 out of 100000
Training 03-25 19:23:28: New best reward: -67.018 Time taken: 0:00:03.666320 Episode: 4 Saved memory size: 190 out of 100000
Training 03-25 19:23:31: New best reward: -17.019000000000005 Time taken: 0:00:06.977300 Episode: 17 Saved memory size: 699 out of 100000
Training done in: 0:02:27.096855 Best reward: 12.989999999999998 Best actions:
(unload-beluga jig0001 jig0002 beluga_trailer_1 beluga1)
(put-down-rack jig0001 beluga_trailer_1 rack00 bside n18 n22 n04)
(unload-beluga jig0002 dummy-jig beluga_trailer_1 beluga1)
(beluga-complete beluga1 beluga2)
(put-down-rack jig0002 beluga_trailer_1 rack01 bside n18 n29 n11)
(pick-up-rack jig0002 factory_trailer_1 rack01 fside bside n18 n11 n29)
(deliver-to-hangar jig0002 dummy-jig factory_trailer_1 hangar3 pl1 n18 n09)
(get-from-hangar jig0002 hangar3 factory_trailer_1)
(put-down-rack jig0002 factory_trailer_1 rack01 fside n09 n29 n20)
(pick-up-rack jig0002 beluga_trailer_1 rack01 bside fside n09 n20 n29)
(load-beluga jig0002 typec typec beluga2 beluga_trailer_1 slot0 slot1)
(pick-up-rack jig0001 factory_trailer_1 rack00 fside bside n18 n04 n22)
(deliver-to-hangar jig0001 dummy-jig factory_trailer_1 hangar3 pl0 n18 n09)
(get-from-hangar jig0001 hangar3 factory_trailer_1)
(put-down-rack jig0001 factory_trailer_1 rack01 fside n09 n29 n20)
(pick-up-rack jig0001 beluga_trailer_1 rack01 bside fside n09 n20 n29)
(load-beluga jig0001 typec dummy-type beluga2 beluga_trailer_1 slot1 dummy-slot)
(beluga-complete beluga2 beluga3)
(unload-beluga jig0003 dummy-jig beluga_trailer_1 beluga3)
